2026-03-21 18:39:21 info: Congratulations, your extension "Embold" is now active!
2026-03-21 18:39:21 info: ************* init ****************
2026-03-21 18:39:21 info: tempDirectory : c:\Users\Acer\.vscode\extensions\embold-vscode.embold-0.3.7\temp
2026-03-21 18:39:23 info: Extraction complete for source: c:\Users\Acer\.vscode\extensions\embold-vscode.embold-0.3.7\resources\embold-scanner-archive.zip, destination: c:\Users\Acer\.vscode\extensions\embold-vscode.embold-0.3.7\temp
2026-03-21 18:39:23 info: Extension installed on machine OS : win32
2026-03-21 18:39:24 info: Loading issues from local database on startup (checkbox unchecked)
2026-03-21 18:39:24 info: Using emboldDBDir: d:\Documents\Lesya\Rolling Scopes\stage0_2026\CV\rsschool-cv\.embold
2026-03-21 18:39:24 info: NO_PROXY unset (no VS Code http.noProxy value)
2026-03-21 18:39:24 info: NODE_TLS_REJECT_UNAUTHORIZED not set (SSL verification enabled)
2026-03-21 18:39:24 info: Using system certificates for SSL verification
2026-03-21 18:39:24 info: [STARTUP] Processing 0 total issues from database
2026-03-21 18:39:24 info: [STARTUP] Issues sorted by file path
2026-03-21 18:39:24 info: [STARTUP] Complete - Processed: 0, Skipped: 0
2026-03-21 18:39:24 info: Fetched the issues from DB
2026-03-21 18:39:25 info: Java version installed on machine : 
java version "25.0.2" 2026-01-20 LTS
Java(TM) SE Runtime Environment (build 25.0.2+10-LTS-69)
Java HotSpot(TM) 64-Bit Server VM (build 25.0.2+10-LTS-69, mixed mode, sharing)

2026-03-21 18:39:25 info: Java installed on machine.
2026-03-21 18:39:27 info: Embold extension version response:{"hasSupport":false,"version":"0.2.1","changeNotes":"<div> <p>Release Date: 30 Apr, 2025 <br><span>Bug fixes and improvements.</span></p> </div>"}
2026-03-21 18:39:27 info: Current installed embold extension version : 0.3.7
2026-03-21 18:39:27 info: Latest embold extension version on marketplace : 0.2.1
2026-03-21 18:39:27 info: Current extension version: 0.3.7
2026-03-21 18:39:27 info: Stored extension version: 0.3.7
2026-03-21 18:39:27 info: No new installation or upgrade detected. Skipping plugin activation tracking.
2026-03-21 18:39:44 info: Row(s) deleted
2026-03-21 18:53:14 info: Row(s) deleted
2026-03-21 18:56:57 info: Row(s) deleted
2026-03-21 18:58:37 info: Row(s) deleted
2026-03-21 18:58:37 info: Row(s) deleted
2026-03-21 19:08:22 info: Row(s) deleted
2026-03-21 19:13:01 info: Row(s) deleted
2026-03-21 19:15:09 info: Row(s) deleted
2026-03-21 19:15:28 info: Row(s) deleted
2026-03-21 19:18:48 info: Row(s) deleted
2026-03-21 20:02:03 info: Row(s) deleted
2026-03-21 20:46:25 info: Row(s) deleted
2026-03-21 21:29:45 info: Row(s) deleted
2026-03-21 21:30:50 info: Row(s) deleted
2026-03-21 21:31:02 info: Row(s) deleted
2026-03-21 21:31:05 info: Row(s) deleted
2026-03-21 21:41:09 info: Row(s) deleted
2026-03-22 00:33:03 info: Row(s) deleted
2026-03-22 16:59:51 info: Row(s) deleted
2026-03-22 17:14:00 info: Row(s) deleted
2026-03-22 17:29:04 info: Row(s) deleted
2026-03-22 17:47:49 info: Row(s) deleted
2026-03-22 17:50:53 info: Row(s) deleted
2026-03-22 17:54:20 info: Row(s) deleted
2026-03-22 17:56:11 info: Row(s) deleted
2026-03-22 18:00:00 info: Row(s) deleted
2026-03-22 18:00:20 info: Row(s) deleted
2026-03-22 18:02:21 info: Row(s) deleted
2026-03-22 18:02:58 info: Row(s) deleted
2026-03-22 18:03:04 info: Row(s) deleted
2026-03-22 18:03:55 info: Row(s) deleted
2026-03-22 18:06:07 info: Row(s) deleted
2026-03-22 18:06:24 info: Row(s) deleted
2026-03-22 18:06:49 info: Row(s) deleted
2026-03-22 18:12:49 info: Row(s) deleted
2026-03-22 18:13:09 info: Row(s) deleted
2026-03-22 18:14:08 info: Row(s) deleted
2026-03-22 18:38:10 info: Row(s) deleted
2026-03-22 18:41:28 info: Row(s) deleted
2026-03-22 19:06:27 info: Row(s) deleted
2026-03-22 19:06:27 info: Row(s) deleted
2026-03-22 19:07:58 info: Row(s) deleted
2026-03-22 19:47:51 info: Row(s) deleted
2026-03-22 19:47:51 info: Row(s) deleted
2026-03-22 19:48:08 info: Row(s) deleted
2026-03-22 19:48:34 info: Row(s) deleted
2026-03-22 19:49:20 info: Row(s) deleted
2026-03-22 19:52:50 info: Row(s) deleted
2026-03-22 19:56:14 info: Row(s) deleted
2026-03-22 19:56:36 info: Row(s) deleted
2026-03-22 19:56:36 info: Row(s) deleted
2026-03-22 19:58:56 info: Row(s) deleted
2026-03-22 19:59:19 info: Row(s) deleted
2026-03-22 20:00:00 info: Row(s) deleted
2026-03-22 20:02:23 info: Row(s) deleted
2026-03-22 20:29:36 info: Row(s) deleted
2026-03-22 20:31:11 info: Row(s) deleted
2026-03-22 20:32:15 info: Row(s) deleted
2026-03-22 20:32:28 info: Row(s) deleted
2026-03-22 20:35:35 info: Row(s) deleted
2026-03-22 20:36:06 info: Row(s) deleted
2026-03-22 20:53:55 info: Row(s) deleted
2026-03-22 20:54:09 info: Row(s) deleted
2026-03-22 23:58:04 info: Row(s) deleted
2026-03-23 00:03:10 info: Row(s) deleted
2026-03-23 00:06:52 info: Row(s) deleted
2026-03-23 00:20:15 info: Row(s) deleted
2026-03-23 00:20:59 info: Row(s) deleted
2026-03-23 00:21:39 info: Row(s) deleted
2026-03-23 00:21:52 info: Row(s) deleted
2026-03-23 00:24:23 info: Row(s) deleted
2026-03-23 00:27:49 info: Row(s) deleted
2026-03-23 00:29:49 info: Row(s) deleted
2026-03-23 00:30:50 info: Row(s) deleted
2026-03-23 00:30:54 info: Row(s) deleted
2026-03-23 00:31:04 info: Row(s) deleted
2026-03-23 00:36:09 info: Row(s) deleted
2026-03-23 23:18:09 info: Row(s) deleted
2026-03-23 23:55:18 info: Row(s) deleted
2026-03-25 21:03:42 info: Congratulations, your extension "Embold" is now active!
2026-03-25 21:03:42 info: ************* init ****************
2026-03-25 21:03:42 info: tempDirectory : c:\Users\Acer\.vscode\extensions\embold-vscode.embold-0.3.7\temp
2026-03-25 21:03:44 info: Extraction complete for source: c:\Users\Acer\.vscode\extensions\embold-vscode.embold-0.3.7\resources\embold-scanner-archive.zip, destination: c:\Users\Acer\.vscode\extensions\embold-vscode.embold-0.3.7\temp
2026-03-25 21:03:44 info: Extension installed on machine OS : win32
2026-03-25 21:03:44 info: Loading issues from local database on startup (checkbox unchecked)
2026-03-25 21:03:44 info: Using emboldDBDir: d:\Documents\Lesya\Rolling Scopes\stage0_2026\CV\rsschool-cv\.embold
2026-03-25 21:03:44 info: NO_PROXY unset (no VS Code http.noProxy value)
2026-03-25 21:03:44 info: NODE_TLS_REJECT_UNAUTHORIZED not set (SSL verification enabled)
2026-03-25 21:03:44 info: Using system certificates for SSL verification
2026-03-25 21:03:45 info: [STARTUP] Processing 0 total issues from database
2026-03-25 21:03:45 info: [STARTUP] Issues sorted by file path
2026-03-25 21:03:45 info: [STARTUP] Complete - Processed: 0, Skipped: 0
2026-03-25 21:03:45 info: Fetched the issues from DB
2026-03-25 21:03:50 info: Java version installed on machine : 
java version "25.0.2" 2026-01-20 LTS
Java(TM) SE Runtime Environment (build 25.0.2+10-LTS-69)
Java HotSpot(TM) 64-Bit Server VM (build 25.0.2+10-LTS-69, mixed mode, sharing)

2026-03-25 21:03:50 info: Java installed on machine.
2026-03-25 21:03:53 info: Embold extension version response:{"hasSupport":false,"version":"0.2.1","changeNotes":"<div> <p>Release Date: 30 Apr, 2025 <br><span>Bug fixes and improvements.</span></p> </div>"}
2026-03-25 21:03:53 info: Current installed embold extension version : 0.3.7
2026-03-25 21:03:53 info: Latest embold extension version on marketplace : 0.2.1
2026-03-25 21:03:53 info: Current extension version: 0.3.7
2026-03-25 21:03:53 info: Stored extension version: 0.3.7
2026-03-25 21:03:53 info: No new installation or upgrade detected. Skipping plugin activation tracking.
2026-03-25 21:03:56 info: Row(s) deleted
2026-03-25 22:44:39 info: Row(s) deleted
2026-03-27 20:05:18 info: Row(s) deleted
2026-03-27 20:15:11 info: Row(s) deleted
2026-03-27 20:15:57 info: Congratulations, your extension "Embold" is now active!
2026-03-27 20:15:58 info: ************* init ****************
2026-03-27 20:15:58 info: tempDirectory : c:\Users\Acer\.vscode\extensions\embold-vscode.embold-0.3.8\temp
2026-03-27 20:15:58 info: Row(s) deleted
2026-03-27 20:16:01 info: Extraction complete for source: c:\Users\Acer\.vscode\extensions\embold-vscode.embold-0.3.8\resources\embold-scanner-archive.zip, destination: c:\Users\Acer\.vscode\extensions\embold-vscode.embold-0.3.8\temp
2026-03-27 20:16:01 info: Extension installed on machine OS : win32
2026-03-27 20:16:01 info: Loading issues from local database on startup (checkbox unchecked)
2026-03-27 20:16:01 info: Using emboldDBDir: d:\Documents\Lesya\Rolling Scopes\stage0_2026\CV\rsschool-cv\.embold
2026-03-27 20:16:01 info: NO_PROXY unset (no VS Code http.noProxy value)
2026-03-27 20:16:01 info: NODE_TLS_REJECT_UNAUTHORIZED not set (SSL verification enabled)
2026-03-27 20:16:01 info: Using system certificates for SSL verification
2026-03-27 20:16:02 info: [STARTUP] Processing 0 total issues from database
2026-03-27 20:16:02 info: [STARTUP] Issues sorted by file path
2026-03-27 20:16:02 info: [STARTUP] Complete - Processed: 0, Skipped: 0
2026-03-27 20:16:02 info: Fetched the issues from DB
2026-03-27 20:16:06 info: Embold extension version response:{"hasSupport":false,"version":"0.2.1","changeNotes":"<div> <p>Release Date: 30 Apr, 2025 <br><span>Bug fixes and improvements.</span></p> </div>"}
2026-03-27 20:16:06 info: Current installed embold extension version : 0.3.8
2026-03-27 20:16:06 info: Latest embold extension version on marketplace : 0.2.1
2026-03-27 20:16:06 info: Current extension version: 0.3.8
2026-03-27 20:16:06 info: Stored extension version: 
2026-03-27 20:16:06 info: New installation or upgrade detected. Tracking plugin activation.
2026-03-27 20:16:07 error: Error during activity tracking: fetch is not defined
2026-03-27 20:16:07 info: Plugin activation activity tracked successfully.
2026-03-27 20:16:07 info: Stored version updated to the current version.
2026-03-27 20:16:07 info: Java version installed on machine : 
java version "25.0.2" 2026-01-20 LTS
Java(TM) SE Runtime Environment (build 25.0.2+10-LTS-69)
Java HotSpot(TM) 64-Bit Server VM (build 25.0.2+10-LTS-69, mixed mode, sharing)

2026-03-27 20:16:07 info: Java installed on machine.
2026-03-27 20:22:31 info: Row(s) deleted
2026-03-27 20:28:46 info: Row(s) deleted
2026-03-27 20:38:56 info: Congratulations, your extension "Embold" is now active!
2026-03-27 20:38:56 info: ************* init ****************
2026-03-27 20:38:56 info: tempDirectory : c:\Users\Acer\.vscode\extensions\embold-vscode.embold-0.3.8\temp
2026-03-27 20:39:09 info: Extraction complete for source: c:\Users\Acer\.vscode\extensions\embold-vscode.embold-0.3.8\resources\embold-scanner-archive.zip, destination: c:\Users\Acer\.vscode\extensions\embold-vscode.embold-0.3.8\temp
2026-03-27 20:39:09 info: Extension installed on machine OS : win32
2026-03-27 20:39:09 info: Loading issues from local database on startup (checkbox unchecked)
2026-03-27 20:39:09 info: Using emboldDBDir: d:\Documents\Lesya\Rolling Scopes\stage0_2026\CV\rsschool-cv\.embold
2026-03-27 20:39:09 info: NO_PROXY set from VS Code http.noProxy: 
2026-03-27 20:39:09 info: NODE_TLS_REJECT_UNAUTHORIZED not set (SSL verification enabled)
2026-03-27 20:39:09 info: Using system certificates for SSL verification
2026-03-27 20:39:10 info: [STARTUP] Processing 0 total issues from database
2026-03-27 20:39:10 info: [STARTUP] Issues sorted by file path
2026-03-27 20:39:10 info: [STARTUP] Complete - Processed: 0, Skipped: 0
2026-03-27 20:39:10 info: Fetched the issues from DB
2026-03-27 20:39:17 info: Java version installed on machine : 
java version "25.0.2" 2026-01-20 LTS
Java(TM) SE Runtime Environment (build 25.0.2+10-LTS-69)
Java HotSpot(TM) 64-Bit Server VM (build 25.0.2+10-LTS-69, mixed mode, sharing)

2026-03-27 20:39:17 info: Java installed on machine.
2026-03-27 20:39:19 info: Row(s) deleted
2026-03-27 20:39:22 info: Embold extension version response:{"hasSupport":false,"version":"0.2.1","changeNotes":"<div> <p>Release Date: 30 Apr, 2025 <br><span>Bug fixes and improvements.</span></p> </div>"}
2026-03-27 20:39:22 info: Current installed embold extension version : 0.3.8
2026-03-27 20:39:22 info: Latest embold extension version on marketplace : 0.2.1
2026-03-27 20:39:22 info: Current extension version: 0.3.8
2026-03-27 20:39:22 info: Stored extension version: 0.3.8
2026-03-27 20:39:22 info: No new installation or upgrade detected. Skipping plugin activation tracking.
2026-03-27 20:40:17 info: Row(s) deleted
2026-03-27 20:45:22 info: Row(s) deleted
2026-03-27 22:35:45 info: Row(s) deleted
2026-03-28 14:40:11 info: Row(s) deleted
2026-03-28 14:46:21 info: Row(s) deleted
2026-03-28 14:47:21 info: Row(s) deleted
2026-03-28 14:47:56 info: Row(s) deleted
2026-03-28 14:48:10 info: Row(s) deleted
2026-03-28 14:49:47 info: Row(s) deleted
2026-03-28 15:01:23 info: Row(s) deleted
2026-03-28 15:14:56 info: Row(s) deleted
2026-03-28 15:21:07 info: Row(s) deleted
2026-03-28 15:24:13 info: Row(s) deleted
2026-03-28 15:38:38 info: Row(s) deleted
2026-03-28 15:52:11 info: Row(s) deleted
2026-03-28 16:01:29 info: Row(s) deleted
2026-03-28 16:04:33 info: Row(s) deleted
2026-03-28 16:07:37 info: Row(s) deleted
2026-03-28 16:10:42 info: Row(s) deleted
2026-03-28 16:15:47 info: Row(s) deleted
2026-03-28 16:19:01 info: Row(s) deleted
2026-03-28 16:22:07 info: Row(s) deleted
2026-03-28 16:31:23 info: Row(s) deleted
2026-03-28 16:34:27 info: Row(s) deleted
2026-03-28 16:43:24 info: Row(s) deleted
2026-03-28 16:43:59 info: Row(s) deleted
2026-03-28 16:44:17 info: Row(s) deleted
2026-03-28 16:50:04 info: Row(s) deleted
2026-03-28 17:02:33 info: Row(s) deleted
2026-03-28 17:16:10 info: Row(s) deleted
2026-03-28 17:16:37 info: Row(s) deleted
2026-03-28 17:16:49 info: Row(s) deleted
2026-03-28 17:20:18 info: Row(s) deleted
2026-03-28 17:26:27 info: Row(s) deleted
2026-03-28 17:29:31 info: Row(s) deleted
2026-03-28 17:33:12 info: Row(s) deleted
2026-03-28 17:33:38 info: Row(s) deleted
2026-03-28 17:33:52 info: Row(s) deleted
2026-03-28 19:07:39 info: Row(s) deleted
2026-03-28 19:39:38 info: Row(s) deleted
2026-03-28 20:25:17 info: Row(s) deleted
2026-03-28 20:32:43 info: Row(s) deleted
2026-03-28 20:35:47 info: Row(s) deleted
2026-03-28 20:42:04 info: Row(s) deleted
2026-03-28 20:57:31 info: Row(s) deleted
2026-03-28 21:04:40 info: Row(s) deleted
2026-03-28 21:07:44 info: Row(s) deleted
2026-03-28 21:10:48 info: Row(s) deleted
2026-03-28 21:16:59 info: Row(s) deleted
2026-03-28 21:20:02 info: Row(s) deleted
2026-03-28 21:23:07 info: Row(s) deleted
2026-03-28 21:33:27 info: Row(s) deleted
